// Jest Snapshot v1, https://goo.gl/fbAQLP

exports[`OfferFeed renders the component correctly 1`] = `
<RCTScrollView
  contentContainerStyle={
    {
      "padding": 16,
    }
  }
  data={[]}
  getItem={[Function]}
  getItemCount={[Function]}
  keyExtractor={[Function]}
  onContentSizeChange={[Function]}
  onLayout={[Function]}
  onMomentumScrollBegin={[Function]}
  onMomentumScrollEnd={[Function]}
  onScroll={[Function]}
  onScrollBeginDrag={[Function]}
  onScrollEndDrag={[Function]}
  removeClippedSubviews={false}
  renderItem={[Function]}
  scrollEventThrottle={0.0001}
  stickyHeaderIndices={[]}
  viewabilityConfigCallbackPairs={[]}
>
  <View />
</RCTScrollView>
`;
